[2026-09-17T19:12:38+0000] === B2 scaling collect started | device=cuda ===
[2026-09-17T19:12:38+0000] [cell scaling] N=5000, G=17714, K=10
[2026-09-17T19:12:50+0000]   -> success, time=11.432s, peak=6.524GB, bs=1024
[2026-09-17T19:12:50+0000] [cell scaling] N=10000, G=17714, K=10
[2026-09-17T19:13:49+0000]   -> success, time=20.56s, peak=6.524GB, bs=1024
[2026-09-17T19:13:49+0000] [cell scaling] N=25000, G=17714, K=10
[2026-09-17T19:15:07+0000]   -> success, time=52.218s, peak=6.524GB, bs=1024
[2026-09-17T19:15:07+0000] [cell scaling] N=50000, G=17714, K=10
[2026-09-17T19:18:13+0000] === B2 scaling collect started | device=cuda ===
[2026-09-17T19:18:13+0000] [cell scaling] N=5000, G=17714, K=10
[2026-09-17T19:18:24+0000]   -> success, time=11.211s, peak=6.524GB, bs=1024
[2026-09-17T19:18:24+0000] [cell scaling] N=10000, G=17714, K=10
[2026-09-17T19:18:46+0000]   -> success, time=21.592s, peak=6.524GB, bs=1024
[2026-09-17T19:18:46+0000] [cell scaling] N=25000, G=17714, K=10
[2026-09-17T19:19:41+0000]   -> success, time=54.525s, peak=6.524GB, bs=1024
[2026-09-17T19:19:41+0000] [cell scaling] N=50000, G=17714, K=10
[2026-09-17T19:21:34+0000]   -> success, time=113.284s, peak=6.524GB, bs=1024
[2026-09-17T19:21:34+0000] [cell scaling] N=74984, G=17714, K=10
[2026-09-17T19:23:17+0000] === B2 scaling collect started | device=cuda ===
[2026-09-17T19:23:17+0000] [cell scaling] N=5000, G=17714, K=10
[2026-09-17T19:23:29+0000]   -> success, time=11.929s, peak=6.524GB, bs=1024
[2026-09-17T19:23:29+0000] [cell scaling] N=10000, G=17714, K=10
[2026-09-17T19:23:51+0000]   -> success, time=21.462s, peak=6.524GB, bs=1024
[2026-09-17T19:23:51+0000] [cell scaling] N=25000, G=17714, K=10
[2026-09-17T19:24:46+0000]   -> success, time=55.046s, peak=6.524GB, bs=1024
[2026-09-17T19:24:46+0000] [cell scaling] N=50000, G=17714, K=10
[2026-09-17T19:26:41+0000]   -> success, time=115.148s, peak=6.524GB, bs=1024
[2026-09-17T19:26:41+0000] [cell scaling] N=74984, G=17714, K=10
[2026-09-17T19:28:48+0000] === B2 scaling collect started | device=cuda ===
[2026-09-17T19:28:48+0000] [cell scaling] N=5000, G=17714, K=10
[2026-09-17T19:29:00+0000]   -> success, time=11.936s, peak=6.524GB, bs=1024
[2026-09-17T19:29:00+0000] [cell scaling] N=10000, G=17714, K=10
[2026-09-17T19:29:23+0000]   -> success, time=22.588s, peak=6.524GB, bs=1024
[2026-09-17T19:29:23+0000] [cell scaling] N=25000, G=17714, K=10
[2026-09-17T19:30:19+0000]   -> success, time=56.167s, peak=6.524GB, bs=1024
[2026-09-17T19:30:19+0000] [cell scaling] N=50000, G=17714, K=10
[2026-09-17T19:32:15+0000]   -> success, time=115.745s, peak=6.524GB, bs=1024
[2026-09-17T19:32:15+0000] [cell scaling] N=74984, G=17714, K=10
[2026-09-17T19:34:20+0000] === B2 scaling collect started | device=cuda ===
[2026-09-17T19:34:20+0000] [cell scaling] N=5000, G=17714, K=10
[2026-09-17T19:34:31+0000]   -> success, time=11.624s, peak=6.524GB, bs=1024
[2026-09-17T19:34:31+0000] [cell scaling] N=10000, G=17714, K=10
[2026-09-17T19:34:54+0000]   -> success, time=22.822s, peak=6.524GB, bs=1024
[2026-09-17T19:34:54+0000] [cell scaling] N=25000, G=17714, K=10
[2026-09-17T19:36:07+0000] === B2 scaling collect started | device=cuda ===
[2026-09-17T19:36:07+0000] [resume] 发现已有结果，将跳过已完成条目（删除 JSON 可强制重跑）
[2026-09-17T19:36:07+0000] [cell scaling] N=5000, G=17714, K=10
[2026-09-17T19:36:18+0000]   -> success, time=11.111s, peak=6.524GB, bs=1024
[2026-09-17T19:36:18+0000] [cell scaling] N=10000, G=17714, K=10
[2026-09-17T19:36:40+0000]   -> success, time=21.728s, peak=6.524GB, bs=1024
[2026-09-17T19:36:40+0000] [cell scaling] N=25000, G=17714, K=10
[2026-09-17T19:37:31+0000] === B2 scaling collect started | device=cuda ===
[2026-09-17T19:37:31+0000] [resume] 发现已有结果，将跳过已完成条目（删除 JSON 可强制重跑）
[2026-09-17T19:37:31+0000] [cell scaling] N=5000, G=17714, K=10
[2026-09-17T19:37:42+0000]   -> success, time=10.631s, peak=6.524GB, bs=1024
[2026-09-17T19:37:42+0000] [cell scaling] N=10000, G=17714, K=10
[2026-09-17T19:38:02+0000]   -> success, time=20.65s, peak=6.524GB, bs=1024
[2026-09-17T19:38:02+0000] [cell scaling] N=25000, G=17714, K=10
[2026-09-17T19:38:20+0000] === B2 scaling collect started | device=cuda ===
[2026-09-17T19:38:20+0000] [resume] 发现已有结果，将跳过已完成条目（删除 JSON 可强制重跑）
[2026-09-17T19:38:20+0000] [cell scaling] N=5000, G=17714, K=10
[2026-09-17T19:38:31+0000]   -> success, time=10.612s, peak=6.524GB, bs=1024
[2026-09-17T19:38:31+0000] [cell scaling] N=10000, G=17714, K=10
[2026-09-17T19:38:52+0000]   -> success, time=20.639s, peak=6.524GB, bs=1024
[2026-09-17T19:38:52+0000] [cell scaling] N=25000, G=17714, K=10
[2026-09-17T19:39:06+0000] === B2 scaling collect started | device=cuda ===
[2026-09-17T19:39:06+0000] [resume] 发现已有结果，将跳过已完成条目（删除 JSON 可强制重跑）
[2026-09-17T19:39:06+0000] [cell scaling] N=5000, G=17714, K=10
[2026-09-17T19:39:17+0000]   -> success, time=10.602s, peak=6.524GB, bs=1024
[2026-09-17T19:39:17+0000] [cell scaling] N=10000, G=17714, K=10
[2026-09-17T19:40:00+0000] === B2 scaling collect started | device=cuda ===
[2026-09-17T19:40:00+0000] [resume] 发现已有结果，将跳过已完成条目（删除 JSON 可强制重跑）
[2026-09-17T19:40:00+0000] [cell scaling] N=5000, G=17714, K=10
[2026-09-17T19:40:10+0000]   -> success, time=10.341s, peak=6.524GB, bs=1024
[2026-09-17T19:40:10+0000] [cell scaling] N=10000, G=17714, K=10
[2026-09-17T19:41:19+0000] === B2 scaling collect started | device=cuda ===
[2026-09-17T19:41:19+0000] [resume] 发现已有结果，将跳过已完成条目（删除 JSON 可强制重跑）
[2026-09-17T19:41:19+0000] [cell scaling] N=5000, G=17714, K=10
[2026-09-17T19:41:30+0000]   -> success, time=10.831s, peak=6.524GB, bs=1024
[2026-09-17T19:41:30+0000] [save] writing result with 1 scaling runs
[2026-09-17T19:41:30+0000] [cell scaling] N=10000, G=17714, K=10
[2026-09-17T19:41:51+0000]   -> success, time=20.843s, peak=6.524GB, bs=1024
[2026-09-17T19:41:51+0000] [save] writing result with 2 scaling runs
[2026-09-17T19:41:51+0000] [cell scaling] N=25000, G=17714, K=10
[2026-09-17T19:42:02+0000] === B2 scaling collect started | device=cuda ===
[2026-09-17T19:42:02+0000] [resume] 发现已有结果，将跳过已完成条目（删除 JSON 可强制重跑）
[2026-09-17T19:42:02+0000] [skip] cell run ('cell', 5000, 17714, 10) already recorded
[2026-09-17T19:42:02+0000] [skip] cell run ('cell', 10000, 17714, 10) already recorded
[2026-09-17T19:42:02+0000] [cell scaling] N=25000, G=17714, K=10
[2026-09-17T19:42:53+0000]   -> success, time=51.425s, peak=6.524GB, bs=1024
[2026-09-17T19:42:53+0000] [cell scaling] N=50000, G=17714, K=10
[2026-09-17T19:44:46+0000]   -> success, time=113.351s, peak=6.524GB, bs=1024
[2026-09-17T19:44:46+0000] [cell scaling] N=74984, G=17714, K=10
[2026-09-17T19:47:11+0000] === B2 scaling collect started | device=cuda ===
[2026-09-17T19:47:11+0000] [resume] 发现已有结果，将跳过已完成条目（删除 JSON 可强制重跑）
[2026-09-17T19:47:11+0000] [skip] cell run ('cell', 5000, 17714, 10) already recorded
[2026-09-17T19:47:11+0000] [skip] cell run ('cell', 10000, 17714, 10) already recorded
[2026-09-17T19:47:11+0000] [skip] cell run ('cell', 25000, 17714, 10) already recorded
[2026-09-17T19:47:11+0000] [skip] cell run ('cell', 50000, 17714, 10) already recorded
[2026-09-17T19:47:11+0000] [cell scaling] N=74984, G=17714, K=10
[2026-09-17T19:50:36+0000]   -> success, time=204.563s, peak=6.524GB, bs=1024
[2026-09-17T19:50:36+0000] [gene scaling] N=5000, G=5000, K=10
[2026-09-17T19:50:53+0000]   -> success, time=1.392s, peak=1.991GB, bs=1024
[2026-09-17T19:50:53+0000] [gene scaling] N=5000, G=10000, K=10
[2026-09-17T19:51:09+0000]   -> success, time=3.823s, peak=3.763GB, bs=1024
[2026-09-17T19:51:09+0000] [gene scaling] N=5000, G=17714, K=10
[2026-09-17T19:51:24+0000]   -> success, time=10.068s, peak=6.524GB, bs=1024
[2026-09-17T19:51:32+0000] [scvelo competitor] N=5000, G=17714
[2026-09-17T19:52:09+0000]   -> success, time=37.055s, peak_cpu~=2.126GB
[2026-09-17T19:52:09+0000] [scvelo competitor] N=10000, G=17714
[2026-09-17T19:52:24+0000] === B2 scaling collect started | device=cuda ===
[2026-09-17T19:52:24+0000] [resume] 发现已有结果，将跳过已完成条目（删除 JSON 可强制重跑）
[2026-09-17T19:52:24+0000] [skip] cell run ('cell', 5000, 17714, 10) already recorded
[2026-09-17T19:52:24+0000] [skip] cell run ('cell', 10000, 17714, 10) already recorded
[2026-09-17T19:52:24+0000] [skip] cell run ('cell', 25000, 17714, 10) already recorded
[2026-09-17T19:52:24+0000] [skip] cell run ('cell', 50000, 17714, 10) already recorded
[2026-09-17T19:52:24+0000] [skip] cell run ('cell', 74984, 17714, 10) already recorded
[2026-09-17T19:52:24+0000] [skip] gene run ('gene', 5000, 5000, 10) already recorded
[2026-09-17T19:52:24+0000] [skip] gene run ('gene', 5000, 10000, 10) already recorded
[2026-09-17T19:52:24+0000] [skip] gene run ('gene', 5000, 17714, 10) already recorded
[2026-09-17T19:52:29+0000] [skip] scvelo run ('scvelo', 5000, 17714, 10) already recorded
[2026-09-17T19:52:29+0000] [scvelo competitor] N=10000, G=17714
[2026-09-17T19:52:39+0000]   -> failure: TypingError: Failed in nopython mode pipeline (step: nopython frontend)
[1m[1m[1mFailed in nopython mode pipeline (step: nopython frontend)
[1m[1m[1m[1mInvalid use of type(CPUDispatcher(<function angular_random_projection_split at 0x7357e3065f80>)) with parameters (readonly array(float32, 2d, C), array(int32, 1d, C), array(int64, 1d, C))
Known signatures:
 * (Array(float32, 2, 'C', False, aligned=True), Array(int32, 1, 'C', False, aligned=True), Array(int64, 1, 'C', False, aligned=True)) -> Tuple(array(int32, 1d, C), array(int32, 1d, C), array(float32, 1d, C), float64)[0m
[0m[1mDuring: resolving callee type: type(CPUDispatcher(<function angular_random_projection_split at 0x7357e3065f80>))[0m
[0m[1mDuring: typing of call at /mnt/d/Software/miniconda3/envs/rfd3_env/lib/python3.12/site-packages/pynndescent/rp_trees.py (2262)[0m
[1m
File "../../../../../../mnt/d/Software/miniconda3/envs/rfd3_env/lib/python3.12/site-packages/pynndescent/rp_trees.py", line 2262:[0m
[1mdef make_angular_tree(
    <source elided>
            offset,
[1m        ) = angular_random_projection_split(data, indices, rng_state)
[0m        [1m^[0m[0m

[0m[1mDuring: Pass nopython_type_inference[0m
[0m[1mDuring: resolving callee type: type(CPUDispatcher(<function make_angular_tree at 0x7357e37772e0>))[0m
[0m[1mDuring: typing of call at /mnt/d/Software/miniconda3/envs/rfd3_env/lib/python3.12/site-packages/pynndescent/rp_trees.py (2524)[0m
[1m
File "../../../../../../mnt/d/Software/miniconda3/envs/rfd3_env/lib/python3.12/site-packages/pynndescent/rp_trees.py", line 2524:[0m
[1mdef make_dense_tree(data, rng_state, leaf_size=30, angular=False, max_depth=200):
    <source elided>
    if angular:
[1m        make_angular_tree(
[0m        [1m^[0m[0m

[0m[1mDuring: Pass nopython_type_inference[0m
[2026-09-17T19:52:39+0000] === result saved to /home/lab-zeng/research_storage/工作文件/AD_Regvelo优化策略/validation_Sparse_regvelo/results/B2_scaling/B2_result.json ===
[2026-09-17T19:53:01+0000] === B2 scaling collect started | device=cuda ===
[2026-09-17T19:53:01+0000] [resume] 发现已有结果，将跳过已完成条目（删除 JSON 可强制重跑）
[2026-09-17T19:53:01+0000] [skip] cell run ('cell', 5000, 17714, 10) already recorded
[2026-09-17T19:53:01+0000] [skip] cell run ('cell', 10000, 17714, 10) already recorded
[2026-09-17T19:53:01+0000] [skip] cell run ('cell', 25000, 17714, 10) already recorded
[2026-09-17T19:53:01+0000] [skip] cell run ('cell', 50000, 17714, 10) already recorded
[2026-09-17T19:53:01+0000] [skip] cell run ('cell', 74984, 17714, 10) already recorded
[2026-09-17T19:53:01+0000] [skip] gene run ('gene', 5000, 5000, 10) already recorded
[2026-09-17T19:53:01+0000] [skip] gene run ('gene', 5000, 10000, 10) already recorded
[2026-09-17T19:53:01+0000] [skip] gene run ('gene', 5000, 17714, 10) already recorded
[2026-09-17T19:53:07+0000] [skip] scvelo run ('scvelo', 5000, 17714, 10) already recorded
[2026-09-17T19:53:07+0000] [scvelo competitor] N=10000, G=17714
[2026-09-17T19:54:54+0000]   -> success, time=106.273s, peak_cpu~=4.251GB
[2026-09-17T19:54:54+0000] === result saved to /home/lab-zeng/research_storage/工作文件/AD_Regvelo优化策略/validation_Sparse_regvelo/results/B2_scaling/B2_result.json ===
