/home/lab-zeng/research_storage/工作文件/AD_Regvelo优化策略/validation_Sparse_regvelo/B1_headtohead_diagnose.py:189: DeprecationWarning: Automatic neighbor calculation is deprecated since scvelo==0.4.0 and will be removed in a future version of scVelo. Please compute neighbors first with Scanpy.
  scv.pp.moments(ad, n_pcs=10, n_neighbors=30)
/mnt/d/Software/miniconda3/envs/rfd3_env/lib/python3.12/site-packages/scvelo/preprocessing/moments.py:71: DeprecationWarning: `neighbors` is deprecated since scvelo==0.4.0 and will be removed in a future version of scVelo. Please compute neighbors with Scanpy.
  neighbors(
/mnt/d/Software/miniconda3/envs/rfd3_env/lib/python3.12/site-packages/scvelo/preprocessing/neighbors.py:233: DeprecationWarning: Automatic computation of PCA is deprecated since scvelo==0.4.0 and will be removed in a future version of scVelo. Please compute PCA with Scanpy first.
  _set_pca(adata=adata, n_pcs=n_pcs, use_highly_variable=use_highly_variable)
[2026-09-18T13:50:13+0800] Loading SAVI and RegVelo velocities...
[2026-09-18T13:50:13+0800] SAVI v shape=(500, 2000), RegVelo v shape=(500, 2000), genes=2000
[2026-09-18T13:50:13+0800] Running scVelo dynamical anchor...
Normalized count data: X, spliced, unspliced.
computing neighbors
    finished (0:00:05)
computing moments based on connectivities
    finished (0:00:00)
recovering dynamics (using 1/32 cores)
WARNING: Unable to create progress bar. Consider installing `tqdm` as `pip install tqdm` and `ipywidgets` as `pip install ipywidgets`,
or disable the progress bar using `show_progress_bar=False`.
/mnt/d/Software/miniconda3/envs/rfd3_env/lib/python3.12/multiprocessing/popen_fork.py:66: DeprecationWarning: This process (pid=96823) is multi-threaded, use of fork() may lead to deadlocks in the child.
  self.pid = os.fork()
    finished (0:00:06)
computing velocities
    finished (0:00:00)
[2026-09-18T13:50:28+0800] Appended diagnosis to JSON.
[2026-09-18T13:50:28+0800] Wrote /home/lab-zeng/research_storage/工作文件/AD_Regvelo优化策略/validation_Sparse_regvelo/results/B1_regvelo_reference/B1_headtohead_diagnosis.md
ARTIFACT1=order_match=True; gene_spearman_rho=-0.0597; first_diffs=[]
ARTIFACT2=norm_ratio_median=2.7681e-01; scale_mismatch_2orders=NO; official_api=True
ARTIFACT3=SAVI-scVelo_cosine_median=nan; RegVelo-scVelo_cosine_median=nan; scvelo_status=ran
VERDICT=after_excluding_axes_and_scale_median_cosine=-0.0958
